// Vitest Snapshot v1, https://vitest.dev/guide/snapshot.html

exports[`ProductItem > should render correctly 1`] = `
{
  "asFragment": [Function],
  "baseElement": <body>
    <div>
      <a
        class="items-center border p-4 shadow-lg rounded-lg transition-transform  hover:scale-105 card overflow-hidden"
        href="/products/product/1"
      >
        <div
          class="flex justify-between items-center mb-3"
        >
          <h3
            class="sm:text-2xl  text-gray-700 sm:-rotate-45 text-center underline"
          >
            Apple
          </h3>
          <p
            class="p-1 text-sm sm:text-lg bg-yellow-400 transform -skew-x-12"
          >
            <span
              class=" line-through text-red-600  sm:mr-2"
            >
              958,80 €
            </span>
          </p>
        </div>
        <img
          alt="iPhone 12"
          class="mx-auto w-auto h-auto false "
          loading="lazy"
          src="https://via.placeholder.com/150"
        />
        <div
          class="sm:flex text-center text-sm items-center justify-between mt-10 flex-wrap w-full"
        >
          <h3
            class="sm:text-xl "
          >
            iPhone 12
          </h3>
          <p
            class="text-2xl text-orange-500 mt-2"
          >
            799,00 €
          </p>
        </div>
      </a>
    </div>
  </body>,
  "container": <div>
    <a
      class="items-center border p-4 shadow-lg rounded-lg transition-transform  hover:scale-105 card overflow-hidden"
      href="/products/product/1"
    >
      <div
        class="flex justify-between items-center mb-3"
      >
        <h3
          class="sm:text-2xl  text-gray-700 sm:-rotate-45 text-center underline"
        >
          Apple
        </h3>
        <p
          class="p-1 text-sm sm:text-lg bg-yellow-400 transform -skew-x-12"
        >
          <span
            class=" line-through text-red-600  sm:mr-2"
          >
            958,80 €
          </span>
        </p>
      </div>
      <img
        alt="iPhone 12"
        class="mx-auto w-auto h-auto false "
        loading="lazy"
        src="https://via.placeholder.com/150"
      />
      <div
        class="sm:flex text-center text-sm items-center justify-between mt-10 flex-wrap w-full"
      >
        <h3
          class="sm:text-xl "
        >
          iPhone 12
        </h3>
        <p
          class="text-2xl text-orange-500 mt-2"
        >
          799,00 €
        </p>
      </div>
    </a>
  </div>,
  "debug": [Function],
  "findAllByAltText": [Function],
  "findAllByDisplayValue": [Function],
  "findAllByLabelText": [Function],
  "findAllByPlaceholderText": [Function],
  "findAllByRole": [Function],
  "findAllByTestId": [Function],
  "findAllByText": [Function],
  "findAllByTitle": [Function],
  "findByAltText": [Function],
  "findByDisplayValue": [Function],
  "findByLabelText": [Function],
  "findByPlaceholderText": [Function],
  "findByRole": [Function],
  "findByTestId": [Function],
  "findByText": [Function],
  "findByTitle": [Function],
  "getAllByAltText": [Function],
  "getAllByDisplayValue": [Function],
  "getAllByLabelText": [Function],
  "getAllByPlaceholderText": [Function],
  "getAllByRole": [Function],
  "getAllByTestId": [Function],
  "getAllByText": [Function],
  "getAllByTitle": [Function],
  "getByAltText": [Function],
  "getByDisplayValue": [Function],
  "getByLabelText": [Function],
  "getByPlaceholderText": [Function],
  "getByRole": [Function],
  "getByTestId": [Function],
  "getByText": [Function],
  "getByTitle": [Function],
  "queryAllByAltText": [Function],
  "queryAllByDisplayValue": [Function],
  "queryAllByLabelText": [Function],
  "queryAllByPlaceholderText": [Function],
  "queryAllByRole": [Function],
  "queryAllByTestId": [Function],
  "queryAllByText": [Function],
  "queryAllByTitle": [Function],
  "queryByAltText": [Function],
  "queryByDisplayValue": [Function],
  "queryByLabelText": [Function],
  "queryByPlaceholderText": [Function],
  "queryByRole": [Function],
  "queryByTestId": [Function],
  "queryByText": [Function],
  "queryByTitle": [Function],
  "rerender": [Function],
  "unmount": [Function],
}
`;
